ssd1306_my.h:27:6:my_i2c_master_write	32	static
ssd1306_my.h:506:6:ssd1306_WriteCommand	16	static
ssd1306_my.h:511:6:ssd1306_WriteData	24	static
ssd1306_my.h:522:6:ssd1306_Fill	24	static
ssd1306_my.h:533:6:ssd1306_UpdateScreen	16	static
ssd1306_my.h:545:6:delay_ms	16	static
ssd1306_my.h:549:6:ssd1306_Init	8	static
ssd1306_my.h:631:6:ssd1306_DrawPixel	16	static
ssd1306_my.h:649:6:ssd1306_SetCursor	16	static
ssd1306_my.h:653:7:ssd1306_ClearScreen	8	static
ssd1306_my.h:664:6:ssd1306_WriteChar	48	static
ssd1306_my.h:714:6:ssd1306_WriteString	24	static
ssd1306_my.h:731:6:ssd1306_PutInt	128	static
ssd1306_my.h:737:6:ssd1306_ShowBitmap	40	static
ad9833.h:22:6:my_spi_write16	24	static
ad9833.h:31:6:ad9833_send_command	16	static
ad9833.h:39:6:ad9833_set_mode_and_freq	24	static
main.c:74:5:main	8	static
main.c:130:6:SystemClock_Config	72	static
main.c:165:13:MX_I2C1_Init	8	static
main.c:199:13:MX_SPI1_Init	8	static
main.c:237:13:MX_GPIO_Init	40	static
main.c:276:6:Error_Handler	4	static
